{
  "version": "1.5.0",
  "plugins_used": [
    {
      "name": "ArtifactoryDetector"
    },
    {
      "name": "AWSKeyDetector"
    },
    {
      "name": "AzureStorageKeyDetector"
    },
    {
      "name": "Base64HighEntropyString",
      "limit": 4.5
    },
    {
      "name": "BasicAuthDetector"
    },
    {
      "name": "CloudantDetector"
    },
    {
      "name": "DiscordBotTokenDetector"
    },
    {
      "name": "GitHubTokenDetector"
    },
    {
      "name": "GitLabTokenDetector"
    },
    {
      "name": "HexHighEntropyString",
      "limit": 3.0
    },
    {
      "name": "IbmCloudIamDetector"
    },
    {
      "name": "IbmCosHmacDetector"
    },
    {
      "name": "IPPublicDetector"
    },
    {
      "name": "JwtTokenDetector"
    },
    {
      "name": "KeywordDetector",
      "keyword_exclude": ""
    },
    {
      "name": "MailchimpDetector"
    },
    {
      "name": "NpmDetector"
    },
    {
      "name": "OpenAIDetector"
    },
    {
      "name": "PrivateKeyDetector"
    },
    {
      "name": "PypiTokenDetector"
    },
    {
      "name": "SendGridDetector"
    },
    {
      "name": "SlackDetector"
    },
    {
      "name": "SoftlayerDetector"
    },
    {
      "name": "SquareOAuthDetector"
    },
    {
      "name": "StripeDetector"
    },
    {
      "name": "TelegramBotTokenDetector"
    },
    {
      "name": "TwilioKeyDetector"
    }
  ],
  "filters_used": [
    {
      "path": "detect_secrets.filters.allowlist.is_line_allowlisted"
    },
    {
      "path": "detect_secrets.filters.common.is_ignored_due_to_verification_policies",
      "min_level": 2
    },
    {
      "path": "detect_secrets.filters.heuristic.is_indirect_reference"
    },
    {
      "path": "detect_secrets.filters.heuristic.is_likely_id_string"
    },
    {
      "path": "detect_secrets.filters.heuristic.is_lock_file"
    },
    {
      "path": "detect_secrets.filters.heuristic.is_not_alphanumeric_string"
    },
    {
      "path": "detect_secrets.filters.heuristic.is_potential_uuid"
    },
    {
      "path": "detect_secrets.filters.heuristic.is_prefixed_with_dollar_sign"
    },
    {
      "path": "detect_secrets.filters.heuristic.is_sequential_string"
    },
    {
      "path": "detect_secrets.filters.heuristic.is_swagger_file"
    },
    {
      "path": "detect_secrets.filters.heuristic.is_templated_secret"
    },
    {
      "path": "detect_secrets.filters.regex.should_exclude_file",
      "pattern": [
        "^(data|logs|reports|\\.venv|htmlcov|\\.git|\\.claude)/"
      ]
    }
  ],
  "results": {
    ".claude\\skills\\design-doc-mermaid-main\\assets\\api-design-template.md": [
      {
        "type": "Secret Keyword",
        "filename": ".claude\\skills\\design-doc-mermaid-main\\assets\\api-design-template.md",
        "hashed_secret": "551b2ecd829878ea79c9357cde15c4229c2a951e",
        "is_verified": false,
        "line_number": 98
      }
    ],
    "scripts\\prediction\\companies_edge.py": [
      {
        "type": "Secret Keyword",
        "filename": "scripts\\prediction\\companies_edge.py",
        "hashed_secret": "cbaf17f4a200f6a2d5a748efa7601497d328d950",
        "is_verified": false,
        "line_number": 54
      }
    ],
    "tests\\test_config.py": [
      {
        "type": "Secret Keyword",
        "filename": "tests\\test_config.py",
        "hashed_secret": "538fd247fea2e46d72301883aef00fd810b08455",
        "is_verified": false,
        "line_number": 57
      }
    ],
    "tests\\test_edge_detection.py": [
      {
        "type": "Secret Keyword",
        "filename": "tests\\test_edge_detection.py",
        "hashed_secret": "a2ab1959c1c3bfa295b0fc90199378272db76b45",
        "is_verified": false,
        "line_number": 433
      }
    ],
    "tests\\test_install_windows_task.py": [
      {
        "type": "Base64 High Entropy String",
        "filename": "tests\\test_install_windows_task.py",
        "hashed_secret": "c21cf65c3a4c97bf712d3d6577b3ffbf6d2aa740",
        "is_verified": false,
        "line_number": 53
      }
    ],
    "tests\\test_odds_api.py": [
      {
        "type": "Hex High Entropy String",
        "filename": "tests\\test_odds_api.py",
        "hashed_secret": "0b4302f48b1246212d15103a7b3cbb1f69cbd8f1",
        "is_verified": false,
        "line_number": 144
      },
      {
        "type": "Secret Keyword",
        "filename": "tests\\test_odds_api.py",
        "hashed_secret": "0b4302f48b1246212d15103a7b3cbb1f69cbd8f1",
        "is_verified": false,
        "line_number": 144
      }
    ]
  },
  "generated_at": "2026-09-10T20:31:24Z"
}
